
> safecircle@0.1.0 build
> npm run generate-sw && next build


> safecircle@0.1.0 generate-sw
> node scripts/generate-sw.js

[dotenv@17.2.4] injecting env (17) from .env -- tip: ΓÜÖ∩╕Å  load multiple .env files with { path: ['.env.local', '.env'] }
Generated C:\Users\ASUS\OneDrive\Desktop\safecircle\public\firebase-messaging-sw.js
Γû▓ Next.js 16.1.6 (Turbopack)
- Environments: .env

node.exe : ΓÜá The 
"middleware" file 
convention is deprecated. 
Please use "proxy" instead. 
Learn more: https://nextjs.o
rg/docs/messages/middleware-
to-proxy
At C:\Program 
Files\nodejs\npm.ps1:29 
char:3
+   & $NODE_EXE $NPM_CLI_JS 
$args
+   ~~~~~~~~~~~~~~~~~~~~~~~~
~~~~~
    + CategoryInfo          
    : NotSpecified: (ΓÜá T  
  he "middle...leware-to-   
 proxy:String) [], Remot    
eException
    + FullyQualifiedErrorId 
    : NativeCommandError
 
  Creating an optimized production build ...
Error: Cannot apply unknown 
utility class 
`border-border`
    [2m[at 
onInvalidCandidate (C:\Users
\ASUS\OneDrive\Desktop\safec
ircle\node_modules\tailwindc
ss\dist\lib.js:21:1511)][0m
    [2m[at Te (C:\Users\ASU
S\OneDrive\Desktop\safecircl
e\node_modules\tailwindcss\d
ist\lib.js:16:36652)][0m
    [2m[at C:\Users\ASUS\On
eDrive\Desktop\safecircle\no
de_modules\tailwindcss\dist\
lib.js:21:355][0m
    [2m[at Rr (C:\Users\ASU
S\OneDrive\Desktop\safecircl
e\node_modules\tailwindcss\d
ist\lib.js:3:1718)][0m
    [2m[at _ (C:\Users\ASUS
\OneDrive\Desktop\safecircle
\node_modules\tailwindcss\di
st\lib.js:3:1377)][0m
    [2m[at $e (C:\Users\ASU
S\OneDrive\Desktop\safecircl
e\node_modules\tailwindcss\d
ist\lib.js:21:172)][0m
    [2m[at un (C:\Users\ASU
S\OneDrive\Desktop\safecircl
e\node_modules\tailwindcss\d
ist\lib.js:38:294)][0m
    [2m[at async cn (C:\Use
rs\ASUS\OneDrive\Desktop\saf
ecircle\node_modules\tailwin
dcss\dist\lib.js:38:631)][0
m
    [2m[at async Xr (C:\Use
rs\ASUS\OneDrive\Desktop\saf
ecircle\node_modules\@tailwi
ndcss\node\dist\index.js:10:
3417)][0m
    [2m[at async I (C:\User
s\ASUS\OneDrive\Desktop\safe
circle\node_modules\@tailwin
dcss\postcss\dist\index.js:1
0:3977)][0m

> Build error occurred
Error: Turbopack build 
failed with 2 errors:
./src/app/globals.css
Error evaluating Node.js 
code
CssSyntaxError: 
tailwindcss: C:\Users\ASUS\O
neDrive\Desktop\safecircle\s
rc\app\globals.css:1:1: 
Cannot apply unknown 
utility class 
`border-border`
    at Input.error (node_mod
ules/postcss/lib/input.js:13
5:16) [C:\Users\ASUS\OneDriv
e\Desktop\safecircle\.next\b
uild\chunks\node_modules_fe6
93df6._.js:4651:22]
    at Root.error (node_modu
les/postcss/lib/node.js:146:
32) [C:\Users\ASUS\OneDrive\
Desktop\safecircle\.next\bui
ld\chunks\node_modules_fe693
df6._.js:928:38]
    [at Object.Once (C:\User
s\ASUS\OneDrive\Desktop\safe
circle\node_modules\@tailwin
dcss\postcss\dist\index.js:1
0:6911)]
    at async 
LazyResult.runAsync (node_mo
dules/postcss/lib/lazy-resul
t.js:293:11) [C:\Users\ASUS\
OneDrive\Desktop\safecircle\
.next\build\chunks\node_modu
les_fe693df6._.js:6206:21]
    at async transform (turb
opack:///[turbopack-node]/tr
ansforms/postcss.ts:70:34) [
C:\Users\ASUS\OneDrive\Deskt
op\safecircle\.next\build\ch
unks\[root-of-the-server]__5
1225daf._.js:146:36]
    at async run (turbopack:
///[turbopack-node]/ipc/eval
uate.ts:92:23) [C:\Users\ASU
S\OneDrive\Desktop\safecircl
e\.next\build\chunks\[root-o
f-the-server]__974941ed._.js
:443:31]

Import trace:
  Client Component Browser:
    ./src/app/globals.css 
[Client Component Browser]
    ./src/app/layout.tsx 
[Server Component]


./src/app/api/cron/monitor-c
heckins/route.ts:3:1
Export adminAuth doesn't 
exist in target module
[0m [90m 1 |[39m 
[36mimport[39m prisma 
[36mfrom[39m [32m'@/lib/p
risma/client'[39m[33m;[39
m
 [90m 2 |[39m 
[36mimport[39m { 
[33mNextResponse[39m } 
[36mfrom[39m [32m'next/se
rver'[39m[33m;[39m
[31m[1m>[22m[39m[90m 3 
|[39m [36mimport[39m { 
adminAuth[33m,[39m 
adminDb } [36mfrom[39m [3
2m'@/lib/firebase/admin'[39
m[33m;[39m
 [90m   |[39m [31m[1m^[
22m[39m[31m[1m^[22m[39m
[31m[1m^[22m[39m[31m[1
m^[22m[39m[31m[1m^[22m
[39m[31m[1m^[22m[39m[31
m[1m^[22m[39m[31m[1m^[
22m[39m[31m[1m^[22m[39m
[31m[1m^[22m[39m[31m[1
m^[22m[39m[31m[1m^[22m
[39m[31m[1m^[22m[39m[31
m[1m^[22m[39m[31m[1m^[
22m[39m[31m[1m^[22m[39m
[31m[1m^[22m[39m[31m[1
m^[22m[39m[31m[1m^[22m
[39m[31m[1m^[22m[39m[31
m[1m^[22m[39m[31m[1m^[
22m[39m[31m[1m^[22m[39m
[31m[1m^[22m[39m[31m[1
m^[22m[39m[31m[1m^[22m
[39m[31m[1m^[22m[39m[31
m[1m^[22m[39m[31m[1m^[
22m[39m[31m[1m^[22m[39m
[31m[1m^[22m[39m[31m[1
m^[22m[39m[31m[1m^[22m
[39m[31m[1m^[22m[39m[31
m[1m^[22m[39m[31m[1m^[
22m[39m[31m[1m^[22m[39m
[31m[1m^[22m[39m[31m[1
m^[22m[39m[31m[1m^[22m
[39m[31m[1m^[22m[39m[31
m[1m^[22m[39m[31m[1m^[
22m[39m[31m[1m^[22m[39m
[31m[1m^[22m[39m[31m[1
m^[22m[39m[31m[1m^[22m
[39m[31m[1m^[22m[39m[31
m[1m^[22m[39m[31m[1m^[
22m[39m[31m[1m^[22m[39m
[31m[1m^[22m[39m[31m[1
m^[22m[39m[31m[1m^[22m
[39m[31m[1m^[22m[39m[31
m[1m^[22m[39m[31m[1m^[
22m[39m[31m[1m^[22m[39m
 [90m 4 |[39m
 [90m 5 |[39m 
[36masync[39m 
[36mfunction[39m sendPushN
otification(token[33m:[39m
 string[33m,[39m 
title[33m:[39m 
string[33m,[39m 
body[33m:[39m 
string[33m,[39m 
data[33m:[39m any 
[33m=[39m {}) {
 [90m 6 |[39m     
[36mtry[39m {[0m

The export adminAuth was 
not found in module [project
]/src/lib/firebase/admin.ts 
[app-route] (ecmascript).
Did you mean to import 
firebaseAdmin?
All exports of the module 
are statically known (It 
doesn't have dynamic 
exports). So it's known 
statically that the 
requested export doesn't 
exist.


    at async transform (turb
opack:///[turbopack-node]/tr
ansforms/postcss.ts:70:34) [
C:\Users\ASUS\OneDrive\Deskt
op\safecircle\.next\build\ch
unks\[root-of-the-server]__5
1225daf._.js:146:36])
    at async run (turbopack:
///[turbopack-node]/ipc/eval
uate.ts:92:23) [C:\Users\ASU
S\OneDrive\Desktop\safecircl
e\.next\build\chunks\[root-o
f-the-server]__974941ed._.js
:443:31])
    at <unknown> (./src/app/
api/cron/monitor-checkins/ro
ute.ts:3:1)
